src/components/utilities/ImageTiles/index.ts(7,1): error TS2308: Module './state' has already exported a member named 'Action'. Consider explicitly re-exporting to resolve the ambiguity.
src/components/utilities/ImageTiles/index.ts(7,1): error TS2308: Module './state' has already exported a member named 'State'. Consider explicitly re-exporting to resolve the ambiguity.
src/lib/prisma.ts(8,9): error TS2353: Object literal may only specify known properties, and 'datasourceUrl' does not exist in type 'Subset<PrismaClientOptions, PrismaClientOptions>'.
