
> utilities-app@0.1.0 build
> next build

   ▲ Next.js 16.0.7 (Turbopack)
   - Environments: .env.local, .env

   Creating an optimized production build ...
 ✓ Compiled successfully in 4.3s
   Running TypeScript ...
node.exe : Failed to compile.
At line:1 char:1
+ & "C:\Program Files\nodejs/node.exe" "C:\Program 
Files\nodejs/node_mo ...
+ ~~~~~~~~~~~~~~~~~~~~~~~~~~~~~~~~~~~~~~~~~~~~~~~~~~
~~~~~~~~~~~~~~~~~~~
    + CategoryInfo          : NotSpecified: (Failed 
    to compile.:String) [], RemoteException
    + FullyQualifiedErrorId : NativeCommandError
 

.next/dev/types/validator.ts:251:39
Type error: File 'F:/code/ai/utilites/utilities-app/
src/app/api/test/route.ts' is not a module.

[0m [90m 249 |[39m {
 [90m 250 |[39m   type 
__IsExpected[33m<[39m[33mSpecific[39m 
[36mextends[39m [33mRouteHandlerConfig[39m[33m<
[39m[32m"/api/test"[39m[33m>>[39m [33m=[39m 
[33mSpecific[39m
[31m[1m>[22m[39m[90m 251 |[39m   
[36mconst[39m handler [33m=[39m {} [36mas[39m 
[36mtypeof[39m [36mimport[39m([32m"../../../src
/app/api/test/route.js"[39m)
 [90m     |[39m                                   
    [31m[1m^[22m[39m
 [90m 252 |[39m   type __Check [33m=[39m 
__IsExpected[33m<[39m[36mtypeof[39m 
handler[33m>[39m
 [90m 253 |[39m   [90m// @ts-ignore[39m
 [90m 254 |[39m   type __Unused [33m=[39m 
__Check[0m
Next.js build worker exited with code: 1 and 
signal: null
